[local] Mon Jul 27 20:40:34 BST 2026 starting, 4 shards at a time -> /vols/cms/jtafoyav/parking/nanoaod_base_analysis_13/dqcd/_tools/shards_local
[start] 20:40:35 signal
[start] 20:40:35 QCD_Bin-PT-1000_Fil-MuEnriched_TuneCP5_13p6TeV_pythia8
[start] 20:40:35 QCD_Bin-PT-600to800_Fil-MuEnriched_TuneCP5_13p6TeV_pythia8
[start] 20:40:36 QCD_Bin-PT-15to20_Fil-MuEnriched_TuneCP5_13p6TeV_pythia8
[done]  20:55:44 signal
[start] 20:55:44 QCD_Bin-PT-800to1000_Fil-MuEnriched_TuneCP5_13p6TeV_pythia8
[done]  22:35:24 QCD_Bin-PT-15to20_Fil-MuEnriched_TuneCP5_13p6TeV_pythia8
[start] 22:35:24 QCD_Bin-PT-170to300_Fil-MuEnriched_TuneCP5_13p6TeV_pythia8
[done]  23:14:23 QCD_Bin-PT-600to800_Fil-MuEnriched_TuneCP5_13p6TeV_pythia8
[start] 23:14:23 QCD_Bin-PT-120to170_Fil-MuEnriched_TuneCP5_13p6TeV_pythia8
[done]  23:35:19 QCD_Bin-PT-800to1000_Fil-MuEnriched_TuneCP5_13p6TeV_pythia8
[start] 23:35:19 QCD_Bin-PT-50to80_Fil-MuEnriched_TuneCP5_13p6TeV_pythia8
[done]  23:47:53 QCD_Bin-PT-1000_Fil-MuEnriched_TuneCP5_13p6TeV_pythia8
[start] 23:47:53 QCD_Bin-PT-300to470_Fil-MuEnriched_TuneCP5_13p6TeV_pythia8
[done]  00:35:15 QCD_Bin-PT-170to300_Fil-MuEnriched_TuneCP5_13p6TeV_pythia8
[start] 00:35:15 QCD_Bin-PT-80to120_Fil-MuEnriched_TuneCP5_13p6TeV_pythia8
[done]  01:18:43 QCD_Bin-PT-120to170_Fil-MuEnriched_TuneCP5_13p6TeV_pythia8
[start] 01:18:43 QCD_Bin-PT-470to600_Fil-MuEnriched_TuneCP5_13p6TeV_pythia8
[done]  01:22:51 QCD_Bin-PT-50to80_Fil-MuEnriched_TuneCP5_13p6TeV_pythia8
[start] 01:22:51 QCD_Bin-PT-30to50_Fil-MuEnriched_TuneCP5_13p6TeV_pythia8
[done]  01:41:46 QCD_Bin-PT-300to470_Fil-MuEnriched_TuneCP5_13p6TeV_pythia8
[start] 01:41:46 QCD_Bin-PT-20to30_Fil-MuEnriched_TuneCP5_13p6TeV_pythia8
[done]  02:23:36 QCD_Bin-PT-80to120_Fil-MuEnriched_TuneCP5_13p6TeV_pythia8
[done]  02:53:07 QCD_Bin-PT-30to50_Fil-MuEnriched_TuneCP5_13p6TeV_pythia8
[done]  03:03:28 QCD_Bin-PT-20to30_Fil-MuEnriched_TuneCP5_13p6TeV_pythia8
[done]  03:11:59 QCD_Bin-PT-470to600_Fil-MuEnriched_TuneCP5_13p6TeV_pythia8
[local] Tue Jul 28 03:11:59 BST 2026 shards complete: 13/13 (xargs rc=0)
[local] Tue Jul 28 03:11:59 BST 2026 merging

=== Merging shards from /vols/cms/jtafoyav/parking/nanoaod_base_analysis_13/dqcd/_tools/shards_local ===
  loaded qcd    shard qcd_QCD_Bin-PT-1000_Fil-MuEnriched_TuneCP5_13p6TeV_pythia8.npz
  loaded qcd    shard qcd_QCD_Bin-PT-120to170_Fil-MuEnriched_TuneCP5_13p6TeV_pythia8.npz
  loaded qcd    shard qcd_QCD_Bin-PT-15to20_Fil-MuEnriched_TuneCP5_13p6TeV_pythia8.npz
  loaded qcd    shard qcd_QCD_Bin-PT-170to300_Fil-MuEnriched_TuneCP5_13p6TeV_pythia8.npz
  loaded qcd    shard qcd_QCD_Bin-PT-20to30_Fil-MuEnriched_TuneCP5_13p6TeV_pythia8.npz
  loaded qcd    shard qcd_QCD_Bin-PT-300to470_Fil-MuEnriched_TuneCP5_13p6TeV_pythia8.npz
  loaded qcd    shard qcd_QCD_Bin-PT-30to50_Fil-MuEnriched_TuneCP5_13p6TeV_pythia8.npz
  loaded qcd    shard qcd_QCD_Bin-PT-470to600_Fil-MuEnriched_TuneCP5_13p6TeV_pythia8.npz
  loaded qcd    shard qcd_QCD_Bin-PT-50to80_Fil-MuEnriched_TuneCP5_13p6TeV_pythia8.npz
  loaded qcd    shard qcd_QCD_Bin-PT-600to800_Fil-MuEnriched_TuneCP5_13p6TeV_pythia8.npz
  loaded qcd    shard qcd_QCD_Bin-PT-800to1000_Fil-MuEnriched_TuneCP5_13p6TeV_pythia8.npz
  loaded qcd    shard qcd_QCD_Bin-PT-80to120_Fil-MuEnriched_TuneCP5_13p6TeV_pythia8.npz
  loaded signal shard signal.npz

Merged 12 QCD bins (136,145,810 vertices) + 6 signal mass points
  [COMPLETE] QCD: 38474 of 38474 files
  [COMPLETE] scA $m_\pi$=4, $m_A$=0.4 ctau=10: 35 of 35 files
  [COMPLETE] scA $m_\pi$=4, $m_A$=0.4 ctau=0.1: 54 of 54 files
  [COMPLETE] scA $m_\pi$=10, $m_A$=1 ctau=10: 26 of 26 files
  [COMPLETE] scA $m_\pi$=10, $m_A$=1 ctau=0.1: 36 of 36 files
  [COMPLETE] scA $m_\pi$=10, $m_A$=3.33 ctau=10: 33 of 33 files
  [COMPLETE] scA $m_\pi$=10, $m_A$=3.33 ctau=0.1: 33 of 33 files
  [COMPLETE] scB1 $m_\pi$=1, $m_A$=0.33 ctau=10: 36 of 36 files
  [COMPLETE] scB1 $m_\pi$=1, $m_A$=0.33 ctau=0.1: 31 of 31 files
  [COMPLETE] scB1 $m_\pi$=4, $m_A$=1.33 ctau=10: 50 of 50 files
  [COMPLETE] scB1 $m_\pi$=4, $m_A$=1.33 ctau=0.1: 41 of 41 files
  [COMPLETE] scB1 $m_\pi$=5, $m_A$=1.67 ctau=10: 36 of 36 files
  [COMPLETE] scB1 $m_\pi$=5, $m_A$=1.67 ctau=0.1: 65 of 65 files

=== Writing PDF ===
/vols/cms/jtafoyav/parking/nanoaod_base_analysis_13/dqcd/nanoaod_base_analysis/data/software/lib/python3.9/site-packages/numpy/core/getlimits.py:549: UserWarning: The value of the smallest subnormal for <class 'numpy.float64'> type is zero.
  setattr(self, word, getattr(machar, word).flat[0])
/vols/cms/jtafoyav/parking/nanoaod_base_analysis_13/dqcd/nanoaod_base_analysis/data/software/lib/python3.9/site-packages/numpy/core/getlimits.py:89: UserWarning: The value of the smallest subnormal for <class 'numpy.float64'> type is zero.
  return self._float_to_str(self.smallest_subnormal)

Saved: /vols/cms/jtafoyav/parking/nanoaod_base_analysis_13/dqcd/_tools/compareDeltaR_AllSamples.pdf (5 pages)
[local] published to /home/hep/jtafoyav/public_html/parking/2024/kinematic_checks
[local] Tue Jul 28 03:12:13 BST 2026 DONE -> /vols/cms/jtafoyav/parking/nanoaod_base_analysis_13/dqcd/_tools/compareDeltaR_AllSamples.pdf
