[local] Thu Jul 30 19:17:12 BST 2026 starting, 4 shards at a time -> /vols/cms/jtafoyav/parking/nanoaod_base_analysis_13/dqcd/_tools/shards_local_v3
[start] 19:17:13 signal
[start] 19:17:13 QCD_Bin-PT-1000_Fil-MuEnriched_TuneCP5_13p6TeV_pythia8
[start] 19:17:13 QCD_Bin-PT-600to800_Fil-MuEnriched_TuneCP5_13p6TeV_pythia8
[start] 19:17:13 QCD_Bin-PT-15to20_Fil-MuEnriched_TuneCP5_13p6TeV_pythia8
[done]  19:32:27 signal
[start] 19:32:28 QCD_Bin-PT-800to1000_Fil-MuEnriched_TuneCP5_13p6TeV_pythia8
[done]  21:13:57 QCD_Bin-PT-15to20_Fil-MuEnriched_TuneCP5_13p6TeV_pythia8
[start] 21:13:57 QCD_Bin-PT-170to300_Fil-MuEnriched_TuneCP5_13p6TeV_pythia8
[done]  21:47:19 QCD_Bin-PT-600to800_Fil-MuEnriched_TuneCP5_13p6TeV_pythia8
[start] 21:47:19 QCD_Bin-PT-120to170_Fil-MuEnriched_TuneCP5_13p6TeV_pythia8
[done]  22:03:54 QCD_Bin-PT-800to1000_Fil-MuEnriched_TuneCP5_13p6TeV_pythia8
[start] 22:03:54 QCD_Bin-PT-50to80_Fil-MuEnriched_TuneCP5_13p6TeV_pythia8
[done]  22:13:56 QCD_Bin-PT-1000_Fil-MuEnriched_TuneCP5_13p6TeV_pythia8
[start] 22:13:56 QCD_Bin-PT-300to470_Fil-MuEnriched_TuneCP5_13p6TeV_pythia8
[done]  23:15:04 QCD_Bin-PT-170to300_Fil-MuEnriched_TuneCP5_13p6TeV_pythia8
[start] 23:15:04 QCD_Bin-PT-80to120_Fil-MuEnriched_TuneCP5_13p6TeV_pythia8
[done]  23:51:47 QCD_Bin-PT-120to170_Fil-MuEnriched_TuneCP5_13p6TeV_pythia8
[start] 23:51:47 QCD_Bin-PT-470to600_Fil-MuEnriched_TuneCP5_13p6TeV_pythia8
[done]  23:57:17 QCD_Bin-PT-50to80_Fil-MuEnriched_TuneCP5_13p6TeV_pythia8
[start] 23:57:17 QCD_Bin-PT-30to50_Fil-MuEnriched_TuneCP5_13p6TeV_pythia8
[done]  00:12:02 QCD_Bin-PT-300to470_Fil-MuEnriched_TuneCP5_13p6TeV_pythia8
[start] 00:12:02 QCD_Bin-PT-20to30_Fil-MuEnriched_TuneCP5_13p6TeV_pythia8
[done]  01:07:33 QCD_Bin-PT-80to120_Fil-MuEnriched_TuneCP5_13p6TeV_pythia8
[done]  01:33:56 QCD_Bin-PT-30to50_Fil-MuEnriched_TuneCP5_13p6TeV_pythia8
[done]  01:39:20 QCD_Bin-PT-20to30_Fil-MuEnriched_TuneCP5_13p6TeV_pythia8
[done]  01:46:37 QCD_Bin-PT-470to600_Fil-MuEnriched_TuneCP5_13p6TeV_pythia8
[local] Fri Jul 31 01:46:37 BST 2026 shards complete: 13/13 (xargs rc=0)
[local] Fri Jul 31 01:46:37 BST 2026 merging

=== Merging shards from /vols/cms/jtafoyav/parking/nanoaod_base_analysis_13/dqcd/_tools/shards_local_v3 ===
  loaded qcd    shard qcd_QCD_Bin-PT-1000_Fil-MuEnriched_TuneCP5_13p6TeV_pythia8.npz
  loaded qcd    shard qcd_QCD_Bin-PT-120to170_Fil-MuEnriched_TuneCP5_13p6TeV_pythia8.npz
  loaded qcd    shard qcd_QCD_Bin-PT-15to20_Fil-MuEnriched_TuneCP5_13p6TeV_pythia8.npz
  loaded qcd    shard qcd_QCD_Bin-PT-170to300_Fil-MuEnriched_TuneCP5_13p6TeV_pythia8.npz
  loaded qcd    shard qcd_QCD_Bin-PT-20to30_Fil-MuEnriched_TuneCP5_13p6TeV_pythia8.npz
  loaded qcd    shard qcd_QCD_Bin-PT-300to470_Fil-MuEnriched_TuneCP5_13p6TeV_pythia8.npz
  loaded qcd    shard qcd_QCD_Bin-PT-30to50_Fil-MuEnriched_TuneCP5_13p6TeV_pythia8.npz
  loaded qcd    shard qcd_QCD_Bin-PT-470to600_Fil-MuEnriched_TuneCP5_13p6TeV_pythia8.npz
  loaded qcd    shard qcd_QCD_Bin-PT-50to80_Fil-MuEnriched_TuneCP5_13p6TeV_pythia8.npz
  loaded qcd    shard qcd_QCD_Bin-PT-600to800_Fil-MuEnriched_TuneCP5_13p6TeV_pythia8.npz
  loaded qcd    shard qcd_QCD_Bin-PT-800to1000_Fil-MuEnriched_TuneCP5_13p6TeV_pythia8.npz
  loaded qcd    shard qcd_QCD_Bin-PT-80to120_Fil-MuEnriched_TuneCP5_13p6TeV_pythia8.npz
  loaded signal shard signal.npz

Merged 12 QCD bins (136,145,810 vertices) + 6 signal mass points
  [COMPLETE] QCD: 38474 of 38474 files
  [COMPLETE] scA $m_\pi$=4, $m_A$=0.4 ctau=10: 35 of 35 files
  [COMPLETE] scA $m_\pi$=4, $m_A$=0.4 ctau=0.1: 54 of 54 files
  [COMPLETE] scA $m_\pi$=10, $m_A$=1 ctau=10: 26 of 26 files
  [COMPLETE] scA $m_\pi$=10, $m_A$=1 ctau=0.1: 36 of 36 files
  [COMPLETE] scA $m_\pi$=10, $m_A$=3.33 ctau=10: 33 of 33 files
  [COMPLETE] scA $m_\pi$=10, $m_A$=3.33 ctau=0.1: 33 of 33 files
  [COMPLETE] scB1 $m_\pi$=1, $m_A$=0.33 ctau=10: 36 of 36 files
  [COMPLETE] scB1 $m_\pi$=1, $m_A$=0.33 ctau=0.1: 31 of 31 files
  [COMPLETE] scB1 $m_\pi$=4, $m_A$=1.33 ctau=10: 50 of 50 files
  [COMPLETE] scB1 $m_\pi$=4, $m_A$=1.33 ctau=0.1: 41 of 41 files
  [COMPLETE] scB1 $m_\pi$=5, $m_A$=1.67 ctau=10: 36 of 36 files
  [COMPLETE] scB1 $m_\pi$=5, $m_A$=1.67 ctau=0.1: 65 of 65 files

=== Writing PDF ===
/vols/cms/jtafoyav/parking/nanoaod_base_analysis_13/dqcd/nanoaod_base_analysis/data/software/lib/python3.9/site-packages/numpy/core/getlimits.py:549: UserWarning: The value of the smallest subnormal for <class 'numpy.float64'> type is zero.
  setattr(self, word, getattr(machar, word).flat[0])
/vols/cms/jtafoyav/parking/nanoaod_base_analysis_13/dqcd/nanoaod_base_analysis/data/software/lib/python3.9/site-packages/numpy/core/getlimits.py:89: UserWarning: The value of the smallest subnormal for <class 'numpy.float64'> type is zero.
  return self._float_to_str(self.smallest_subnormal)
/vols/cms/jtafoyav/parking/nanoaod_base_analysis_13/dqcd/_tools/compareDeltaR.py:749: RuntimeWarning: More than 20 figures have been opened. Figures created through the pyplot interface (`matplotlib.pyplot.figure`) are retained until explicitly closed and may consume too much memory. (To control this warning, see the rcParam `figure.max_open_warning`).
  fig, axes = plt.subplots(nrows, ncols, figsize=(5.6 * ncols, 4.4 * nrows),

Saved: /vols/cms/jtafoyav/parking/nanoaod_base_analysis_13/dqcd/_tools/compareDeltaR_AllSamples.pdf (24 pages)
[local] published to /home/hep/jtafoyav/public_html/parking/2024/kinematic_checks
[local] Fri Jul 31 01:47:04 BST 2026 DONE -> /vols/cms/jtafoyav/parking/nanoaod_base_analysis_13/dqcd/_tools/compareDeltaR_AllSamples.pdf
