
=== MinBias ===

[MinBias] listing /pnfs/hep.ph.ic.ac.uk/data/cms/store/user/ppradeep/samples/Parking/Run3/Nanotronv14/InclusiveDileptonMinBias_Fil-DoubleMuOS43_TuneCP5Plus_13p6TeV_pythia8/2024WithMET/260730_143555
  -> 0000/
    -> log/
         0 .root files collected under log
       992 .root files collected under 0000
  -> 0001/
    -> log/
         0 .root files collected under log
       991 .root files collected under 0001
  -> 0002/
    -> log/
         0 .root files collected under log
       10 .root files collected under 0002
     1993 .root files collected under 260730_143555
  1993 of 1993 files (100.00%, seed 20260806), no xs (shape only)
/vols/cms/jtafoyav/parking/nanoaod_base_analysis_13/dqcd/nanoaod_base_analysis/data/software/lib/python3.9/site-packages/_distutils_hack/__init__.py:11: UserWarning: Distutils was imported before Setuptools, but importing Setuptools also replaces the `distutils` module in `sys.modules`. This may lead to undesirable behaviors or errors. To avoid these issues, avoid using distutils directly, ensure that setuptools is installed in the traditional way (e.g. not an editable install), and/or make sure that setuptools is always imported before distutils.
  warnings.warn(
/vols/cms/jtafoyav/parking/nanoaod_base_analysis_13/dqcd/nanoaod_base_analysis/data/software/lib/python3.9/site-packages/_distutils_hack/__init__.py:26: UserWarning: Setuptools is replacing distutils.
  warnings.warn("Setuptools is replacing distutils.")
  [1/1993] nano_1.root
         -> 38,972 vertices (43,202 trig, 31,313 trig+kin events)
  [2/1993] nano_10.root
         -> 39,841 vertices (43,857 trig, 31,736 trig+kin events)
  [3/1993] nano_100.root
         -> 23,405 vertices (25,840 trig, 18,686 trig+kin events)
  [4/1993] nano_101.root
         -> 25,500 vertices (28,084 trig, 20,282 trig+kin events)
  [5/1993] nano_102.root
         -> 20,318 vertices (22,413 trig, 16,261 trig+kin events)
  [6/1993] nano_103.root
         -> 11,058 vertices (12,061 trig, 8,793 trig+kin events)
  [7/1993] nano_104.root
         -> 10,994 vertices (12,103 trig, 8,775 trig+kin events)
  [8/1993] nano_105.root
         -> 20,056 vertices (21,904 trig, 15,905 trig+kin events)
  [9/1993] nano_106.root
         -> 16,111 vertices (17,633 trig, 12,789 trig+kin events)
  [10/1993] nano_107.root
         -> 25,120 vertices (27,786 trig, 20,107 trig+kin events)
  [11/1993] nano_108.root
         -> 15,230 vertices (16,818 trig, 12,104 trig+kin events)
  [12/1993] nano_109.root
         -> 22,820 vertices (25,227 trig, 18,174 trig+kin events)
  [13/1993] nano_11.root
         -> 34,956 vertices (38,571 trig, 27,982 trig+kin events)
  [14/1993] nano_110.root
         -> 17,782 vertices (19,579 trig, 14,130 trig+kin events)
  [15/1993] nano_111.root
         -> 20,624 vertices (23,018 trig, 16,544 trig+kin events)
  [16/1993] nano_112.root
         -> 18,917 vertices (20,973 trig, 15,152 trig+kin events)
  [17/1993] nano_113.root
         -> 20,065 vertices (22,197 trig, 16,009 trig+kin events)
  [18/1993] nano_114.root
         -> 20,846 vertices (22,937 trig, 16,543 trig+kin events)
  [19/1993] nano_115.root
         -> 17,275 vertices (19,191 trig, 13,883 trig+kin events)
  [20/1993] nano_116.root
         -> 14,968 vertices (16,470 trig, 11,937 trig+kin events)
  [21/1993] nano_117.root
         -> 29,361 vertices (32,135 trig, 23,290 trig+kin events)
  [22/1993] nano_118.root
         -> 14,624 vertices (16,193 trig, 11,674 trig+kin events)
  [23/1993] nano_119.root
         -> 27,844 vertices (30,860 trig, 22,267 trig+kin events)
  [24/1993] nano_12.root
         -> 39,894 vertices (44,007 trig, 31,829 trig+kin events)
  [25/1993] nano_120.root
         -> 30,697 vertices (33,720 trig, 24,474 trig+kin events)
  [26/1993] nano_121.root
         -> 10,727 vertices (11,831 trig, 8,611 trig+kin events)
  [27/1993] nano_122.root
         -> 30,022 vertices (33,428 trig, 24,072 trig+kin events)
  [28/1993] nano_123.root
         -> 20,455 vertices (22,486 trig, 16,298 trig+kin events)
  [29/1993] nano_124.root
         -> 25,643 vertices (28,531 trig, 20,546 trig+kin events)
  [30/1993] nano_125.root
         -> 24,265 vertices (26,740 trig, 19,294 trig+kin events)
  [31/1993] nano_126.root
         -> 20,657 vertices (22,574 trig, 16,392 trig+kin events)
  [32/1993] nano_127.root
         -> 27,976 vertices (30,792 trig, 22,129 trig+kin events)
  [33/1993] nano_128.root
         -> 15,454 vertices (17,129 trig, 12,413 trig+kin events)
  [34/1993] nano_129.root
         -> 19,990 vertices (22,025 trig, 15,983 trig+kin events)
  [35/1993] nano_13.root
         -> 33,308 vertices (36,737 trig, 26,619 trig+kin events)
  [36/1993] nano_130.root
         -> 15,826 vertices (17,419 trig, 12,541 trig+kin events)
  [37/1993] nano_131.root
         -> 28,284 vertices (31,113 trig, 22,447 trig+kin events)
  [38/1993] nano_132.root
         -> 17,470 vertices (19,347 trig, 13,950 trig+kin events)
  [39/1993] nano_133.root
         -> 19,842 vertices (21,715 trig, 15,848 trig+kin events)
  [40/1993] nano_134.root
         -> 25,107 vertices (27,757 trig, 20,047 trig+kin events)
  [41/1993] nano_135.root
         -> 25,102 vertices (27,594 trig, 20,026 trig+kin events)
  [42/1993] nano_136.root
         -> 22,833 vertices (25,267 trig, 18,234 trig+kin events)
  [43/1993] nano_137.root
         -> 21,272 vertices (23,569 trig, 17,020 trig+kin events)
  [44/1993] nano_138.root
         -> 19,527 vertices (21,393 trig, 15,564 trig+kin events)
  [45/1993] nano_139.root
         -> 11,393 vertices (12,612 trig, 9,081 trig+kin events)
  [46/1993] nano_14.root
         -> 7,889 vertices (8,697 trig, 6,287 trig+kin events)
  [47/1993] nano_140.root
         -> 21,210 vertices (23,480 trig, 16,955 trig+kin events)
  [48/1993] nano_141.root
         -> 29,310 vertices (32,528 trig, 23,518 trig+kin events)
  [49/1993] nano_142.root
         -> 20,115 vertices (22,316 trig, 16,141 trig+kin events)
  [50/1993] nano_143.root
         -> 26,684 vertices (29,615 trig, 21,227 trig+kin events)
  [51/1993] nano_144.root
         -> 20,820 vertices (22,922 trig, 16,459 trig+kin events)
  [52/1993] nano_145.root
         -> 13,398 vertices (14,748 trig, 10,618 trig+kin events)
  [53/1993] nano_146.root
         -> 26,737 vertices (29,811 trig, 21,388 trig+kin events)
  [54/1993] nano_147.root
         -> 27,332 vertices (30,246 trig, 21,888 trig+kin events)
  [55/1993] nano_148.root
         -> 21,697 vertices (24,299 trig, 17,374 trig+kin events)
  [56/1993] nano_149.root
         -> 22,169 vertices (24,685 trig, 17,677 trig+kin events)
  [57/1993] nano_15.root
         -> 22,356 vertices (24,627 trig, 17,816 trig+kin events)
  [58/1993] nano_150.root
         -> 19,103 vertices (20,953 trig, 15,202 trig+kin events)
  [59/1993] nano_151.root
         -> 23,721 vertices (26,165 trig, 18,922 trig+kin events)
  [60/1993] nano_152.root
         -> 18,179 vertices (19,830 trig, 14,396 trig+kin events)
  [61/1993] nano_153.root
         -> 21,149 vertices (23,363 trig, 16,932 trig+kin events)
  [62/1993] nano_154.root
         -> 24,860 vertices (27,412 trig, 19,917 trig+kin events)
  [63/1993] nano_155.root
         -> 18,040 vertices (19,743 trig, 14,382 trig+kin events)
  [64/1993] nano_156.root
         -> 23,215 vertices (25,614 trig, 18,533 trig+kin events)
  [65/1993] nano_157.root
         -> 22,466 vertices (24,809 trig, 17,847 trig+kin events)
  [66/1993] nano_158.root
         -> 15,055 vertices (16,405 trig, 11,927 trig+kin events)
  [67/1993] nano_159.root
         -> 21,633 vertices (23,884 trig, 17,178 trig+kin events)
  [68/1993] nano_16.root
         -> 17,832 vertices (19,706 trig, 14,160 trig+kin events)
  [69/1993] nano_160.root
         -> 21,308 vertices (23,333 trig, 16,951 trig+kin events)
  [70/1993] nano_161.root
         -> 24,465 vertices (27,065 trig, 19,611 trig+kin events)
  [71/1993] nano_162.root
         -> 21,726 vertices (23,945 trig, 17,228 trig+kin events)
  [72/1993] nano_163.root
         -> 16,258 vertices (17,941 trig, 12,975 trig+kin events)
  [73/1993] nano_164.root
         -> 1,688 vertices (1,825 trig, 1,341 trig+kin events)
  [74/1993] nano_165.root
         -> 27,379 vertices (30,386 trig, 21,992 trig+kin events)
  [75/1993] nano_166.root
         -> 33,105 vertices (36,745 trig, 26,510 trig+kin events)
  [76/1993] nano_167.root
         -> 40,082 vertices (43,979 trig, 31,779 trig+kin events)
  [77/1993] nano_168.root
         -> 37,314 vertices (41,294 trig, 29,801 trig+kin events)
  [78/1993] nano_169.root
         -> 31,563 vertices (34,600 trig, 25,147 trig+kin events)
  [79/1993] nano_17.root
         -> 20,574 vertices (22,599 trig, 16,378 trig+kin events)
  [80/1993] nano_170.root
         -> 39,944 vertices (43,807 trig, 31,862 trig+kin events)
  [81/1993] nano_171.root
         -> 28,751 vertices (31,753 trig, 22,918 trig+kin events)
  [82/1993] nano_172.root
         -> 29,306 vertices (32,556 trig, 23,563 trig+kin events)
  [83/1993] nano_173.root
         -> 32,478 vertices (35,851 trig, 25,922 trig+kin events)
  [84/1993] nano_174.root
         -> 32,192 vertices (35,233 trig, 25,526 trig+kin events)
  [85/1993] nano_175.root
         -> 35,494 vertices (39,101 trig, 28,211 trig+kin events)
  [86/1993] nano_176.root
         -> 26,418 vertices (29,002 trig, 20,950 trig+kin events)
  [87/1993] nano_177.root
         -> 33,094 vertices (36,157 trig, 26,297 trig+kin events)
  [88/1993] nano_178.root
         -> 35,552 vertices (39,069 trig, 28,383 trig+kin events)
  [89/1993] nano_179.root
         -> 32,859 vertices (36,025 trig, 26,115 trig+kin events)
  [90/1993] nano_18.root
         -> 28,521 vertices (31,513 trig, 22,762 trig+kin events)
  [91/1993] nano_180.root
         -> 39,786 vertices (43,633 trig, 31,674 trig+kin events)
  [92/1993] nano_181.root
         -> 36,380 vertices (40,197 trig, 29,012 trig+kin events)
  [93/1993] nano_182.root
         -> 38,695 vertices (42,848 trig, 30,827 trig+kin events)
  [94/1993] nano_183.root
         -> 28,985 vertices (32,213 trig, 23,163 trig+kin events)
  [95/1993] nano_184.root
         -> 32,710 vertices (36,157 trig, 26,102 trig+kin events)
  [96/1993] nano_185.root
         -> 29,319 vertices (32,250 trig, 23,445 trig+kin events)
  [97/1993] nano_186.root
         -> 31,805 vertices (35,205 trig, 25,330 trig+kin events)
  [98/1993] nano_187.root
         -> 35,504 vertices (39,150 trig, 28,293 trig+kin events)
  [99/1993] nano_188.root
         -> 34,812 vertices (38,358 trig, 27,797 trig+kin events)
  [100/1993] nano_189.root
         -> 33,950 vertices (37,316 trig, 27,051 trig+kin events)
  [101/1993] nano_19.root
         -> 39,664 vertices (43,866 trig, 31,735 trig+kin events)
  [102/1993] nano_190.root
         -> 36,276 vertices (39,954 trig, 28,911 trig+kin events)
  [103/1993] nano_191.root
         -> 31,797 vertices (34,949 trig, 25,350 trig+kin events)
  [104/1993] nano_192.root
         -> 36,435 vertices (40,161 trig, 28,996 trig+kin events)
  [105/1993] nano_193.root
         -> 35,874 vertices (39,631 trig, 28,623 trig+kin events)
  [106/1993] nano_194.root
         -> 29,051 vertices (32,125 trig, 23,136 trig+kin events)
  [107/1993] nano_195.root
         -> 35,052 vertices (38,671 trig, 27,965 trig+kin events)
  [108/1993] nano_196.root
         -> 34,844 vertices (38,379 trig, 27,721 trig+kin events)
  [109/1993] nano_197.root
         -> 32,526 vertices (35,969 trig, 26,000 trig+kin events)
  [110/1993] nano_198.root
         -> 31,789 vertices (35,043 trig, 25,400 trig+kin events)
  [111/1993] nano_199.root
         -> 36,050 vertices (39,514 trig, 28,568 trig+kin events)
  [112/1993] nano_2.root
         -> 37,414 vertices (41,309 trig, 29,867 trig+kin events)
  [113/1993] nano_20.root
         -> 29,482 vertices (32,503 trig, 23,512 trig+kin events)
  [114/1993] nano_200.root
         -> 24,979 vertices (27,680 trig, 19,936 trig+kin events)
  [115/1993] nano_201.root
         -> 32,735 vertices (36,061 trig, 26,106 trig+kin events)
  [116/1993] nano_202.root
         -> 35,232 vertices (38,876 trig, 28,061 trig+kin events)
  [117/1993] nano_203.root
         -> 33,954 vertices (37,265 trig, 27,016 trig+kin events)
  [118/1993] nano_204.root
         -> 37,154 vertices (40,887 trig, 29,616 trig+kin events)
  [119/1993] nano_205.root
         -> 29,040 vertices (32,303 trig, 23,282 trig+kin events)
  [120/1993] nano_206.root
         -> 34,239 vertices (37,712 trig, 27,305 trig+kin events)
  [121/1993] nano_207.root
         -> 38,326 vertices (42,592 trig, 30,815 trig+kin events)
  [122/1993] nano_208.root
         -> 23,821 vertices (26,518 trig, 19,024 trig+kin events)
  [123/1993] nano_209.root
         -> 32,558 vertices (36,002 trig, 25,937 trig+kin events)
  [124/1993] nano_21.root
         -> 20,881 vertices (23,206 trig, 16,687 trig+kin events)
  [125/1993] nano_210.root
         -> 37,432 vertices (41,068 trig, 29,772 trig+kin events)
  [126/1993] nano_211.root
         -> 32,706 vertices (36,371 trig, 26,207 trig+kin events)
  [127/1993] nano_212.root
         -> 29,329 vertices (32,397 trig, 23,397 trig+kin events)
  [128/1993] nano_213.root
         -> 30,276 vertices (33,314 trig, 24,036 trig+kin events)
  [129/1993] nano_214.root
         -> 35,186 vertices (38,656 trig, 28,044 trig+kin events)
  [130/1993] nano_215.root
         -> 32,820 vertices (36,290 trig, 26,144 trig+kin events)
  [131/1993] nano_216.root
         -> 33,559 vertices (36,957 trig, 26,859 trig+kin events)
  [132/1993] nano_217.root
         -> 24,194 vertices (26,744 trig, 19,381 trig+kin events)
  [133/1993] nano_218.root
         -> 35,133 vertices (38,768 trig, 28,049 trig+kin events)
  [134/1993] nano_219.root
         -> 29,045 vertices (31,945 trig, 23,178 trig+kin events)
  [135/1993] nano_22.root
         -> 5,177 vertices (5,763 trig, 4,133 trig+kin events)
  [136/1993] nano_220.root
         -> 35,987 vertices (39,821 trig, 28,761 trig+kin events)
  [137/1993] nano_221.root
         -> 23,960 vertices (26,430 trig, 19,045 trig+kin events)
  [138/1993] nano_222.root
         -> 29,107 vertices (31,990 trig, 23,167 trig+kin events)
  [139/1993] nano_223.root
         -> 36,146 vertices (39,814 trig, 28,690 trig+kin events)
  [140/1993] nano_224.root
         -> 33,197 vertices (36,567 trig, 26,546 trig+kin events)
  [141/1993] nano_225.root
         -> 30,341 vertices (33,526 trig, 24,334 trig+kin events)
  [142/1993] nano_226.root
         -> 36,326 vertices (39,921 trig, 28,940 trig+kin events)
  [143/1993] nano_227.root
         -> 36,974 vertices (40,832 trig, 29,391 trig+kin events)
  [144/1993] nano_228.root
         -> 33,419 vertices (36,886 trig, 26,751 trig+kin events)
  [145/1993] nano_229.root
         -> 36,061 vertices (39,925 trig, 28,845 trig+kin events)
  [146/1993] nano_23.root
         -> 5,704 vertices (6,269 trig, 4,523 trig+kin events)
  [147/1993] nano_230.root
         -> 39,844 vertices (43,841 trig, 31,731 trig+kin events)
  [148/1993] nano_231.root
         -> 26,969 vertices (29,584 trig, 21,448 trig+kin events)
  [149/1993] nano_232.root
         -> 39,527 vertices (43,634 trig, 31,520 trig+kin events)
  [150/1993] nano_233.root
         -> 36,356 vertices (40,006 trig, 28,972 trig+kin events)
  [151/1993] nano_234.root
         -> 35,522 vertices (39,237 trig, 28,374 trig+kin events)
  [152/1993] nano_235.root
         -> 29,685 vertices (32,777 trig, 23,735 trig+kin events)
  [153/1993] nano_236.root
         -> 30,010 vertices (33,099 trig, 23,930 trig+kin events)
  [154/1993] nano_237.root
         -> 29,838 vertices (32,764 trig, 23,822 trig+kin events)
  [155/1993] nano_238.root
         -> 29,432 vertices (32,549 trig, 23,491 trig+kin events)
  [156/1993] nano_239.root
         -> 27,513 vertices (30,476 trig, 21,990 trig+kin events)
  [157/1993] nano_24.root
         -> 18,159 vertices (19,934 trig, 14,467 trig+kin events)
  [158/1993] nano_240.root
         -> 39,577 vertices (43,663 trig, 31,598 trig+kin events)
  [159/1993] nano_241.root
         -> 30,845 vertices (34,037 trig, 24,559 trig+kin events)
  [160/1993] nano_242.root
         -> 30,040 vertices (33,124 trig, 24,016 trig+kin events)
  [161/1993] nano_243.root
         -> 29,167 vertices (32,481 trig, 23,465 trig+kin events)
  [162/1993] nano_244.root
         -> 32,782 vertices (36,215 trig, 26,290 trig+kin events)
  [163/1993] nano_245.root
         -> 31,184 vertices (34,776 trig, 24,930 trig+kin events)
  [164/1993] nano_246.root
         -> 30,930 vertices (34,061 trig, 24,621 trig+kin events)
  [165/1993] nano_247.root
         -> 32,339 vertices (35,545 trig, 25,730 trig+kin events)
  [166/1993] nano_248.root
         -> 27,544 vertices (30,312 trig, 21,963 trig+kin events)
  [167/1993] nano_249.root
         -> 37,748 vertices (41,710 trig, 30,178 trig+kin events)
  [168/1993] nano_25.root
         -> 22,857 vertices (25,122 trig, 18,192 trig+kin events)
  [169/1993] nano_250.root
         -> 32,446 vertices (35,859 trig, 25,874 trig+kin events)
  [170/1993] nano_251.root
         -> 35,334 vertices (38,809 trig, 28,240 trig+kin events)
  [171/1993] nano_252.root
         -> 34,996 vertices (38,654 trig, 27,926 trig+kin events)
  [172/1993] nano_253.root
         -> 35,454 vertices (39,148 trig, 28,445 trig+kin events)
  [173/1993] nano_254.root
         -> 32,439 vertices (35,669 trig, 25,785 trig+kin events)
  [174/1993] nano_255.root
         -> 39,198 vertices (43,115 trig, 31,392 trig+kin events)
  [175/1993] nano_256.root
         -> 33,951 vertices (37,641 trig, 27,120 trig+kin events)
  [176/1993] nano_257.root
         -> 35,825 vertices (39,690 trig, 28,622 trig+kin events)
  [177/1993] nano_258.root
         -> 25,324 vertices (27,985 trig, 20,192 trig+kin events)
  [178/1993] nano_259.root
         -> 30,187 vertices (33,164 trig, 24,017 trig+kin events)
  [179/1993] nano_26.root
         -> 19,384 vertices (21,409 trig, 15,516 trig+kin events)
  [180/1993] nano_260.root
         -> 23,499 vertices (25,964 trig, 18,792 trig+kin events)
  [181/1993] nano_261.root
         -> 29,363 vertices (32,437 trig, 23,421 trig+kin events)
  [182/1993] nano_262.root
         -> 33,787 vertices (37,512 trig, 27,075 trig+kin events)
  [183/1993] nano_263.root
         -> 28,192 vertices (30,920 trig, 22,424 trig+kin events)
  [184/1993] nano_264.root
         -> 28,832 vertices (31,456 trig, 22,715 trig+kin events)
  [185/1993] nano_265.root
         -> 29,400 vertices (32,599 trig, 23,394 trig+kin events)
  [186/1993] nano_266.root
         -> 30,495 vertices (33,537 trig, 24,294 trig+kin events)
  [187/1993] nano_267.root
         -> 38,809 vertices (42,907 trig, 30,911 trig+kin events)
  [188/1993] nano_268.root
         -> 37,259 vertices (41,156 trig, 29,739 trig+kin events)
  [189/1993] nano_269.root
         -> 35,820 vertices (39,375 trig, 28,601 trig+kin events)
  [190/1993] nano_27.root
         -> 25,336 vertices (27,848 trig, 20,143 trig+kin events)
  [191/1993] nano_270.root
         -> 32,456 vertices (35,735 trig, 25,778 trig+kin events)
  [192/1993] nano_271.root
         -> 34,993 vertices (38,709 trig, 27,950 trig+kin events)
  [193/1993] nano_272.root
         -> 27,056 vertices (29,741 trig, 21,504 trig+kin events)
  [194/1993] nano_273.root
         -> 31,784 vertices (34,850 trig, 25,288 trig+kin events)
  [195/1993] nano_274.root
         -> 38,059 vertices (42,279 trig, 30,408 trig+kin events)
  [196/1993] nano_275.root
         -> 39,618 vertices (43,830 trig, 31,607 trig+kin events)
  [197/1993] nano_276.root
         -> 32,917 vertices (36,490 trig, 26,238 trig+kin events)
  [198/1993] nano_277.root
         -> 37,523 vertices (41,211 trig, 29,963 trig+kin events)
  [199/1993] nano_278.root
         -> 32,387 vertices (35,595 trig, 25,763 trig+kin events)
  [200/1993] nano_279.root
         -> 33,686 vertices (37,239 trig, 26,909 trig+kin events)
  [201/1993] nano_28.root
         -> 23,727 vertices (26,068 trig, 18,881 trig+kin events)
  [202/1993] nano_280.root
         -> 33,500 vertices (36,924 trig, 26,721 trig+kin events)
  [203/1993] nano_281.root
         -> 30,637 vertices (33,914 trig, 24,526 trig+kin events)
  [204/1993] nano_282.root
         -> 25,564 vertices (28,275 trig, 20,330 trig+kin events)
  [205/1993] nano_283.root
         -> 40,064 vertices (44,210 trig, 31,977 trig+kin events)
  [206/1993] nano_284.root
         -> 40,484 vertices (44,402 trig, 32,157 trig+kin events)
  [207/1993] nano_285.root
         -> 35,711 vertices (39,327 trig, 28,504 trig+kin events)
  [208/1993] nano_286.root
         -> 28,976 vertices (32,014 trig, 23,166 trig+kin events)
  [209/1993] nano_287.root
         -> 30,699 vertices (33,913 trig, 24,535 trig+kin events)
  [210/1993] nano_288.root
         -> 35,583 vertices (39,143 trig, 28,234 trig+kin events)
  [211/1993] nano_289.root
         -> 33,384 vertices (37,224 trig, 26,797 trig+kin events)
  [212/1993] nano_29.root
         -> 22,409 vertices (24,896 trig, 18,002 trig+kin events)
  [213/1993] nano_290.root
         -> 34,077 vertices (37,802 trig, 27,262 trig+kin events)
  [214/1993] nano_291.root
         -> 32,632 vertices (36,054 trig, 26,128 trig+kin events)
  [215/1993] nano_292.root
         -> 31,936 vertices (35,167 trig, 25,539 trig+kin events)
  [216/1993] nano_293.root
         -> 30,845 vertices (33,888 trig, 24,602 trig+kin events)
  [217/1993] nano_294.root
         -> 32,241 vertices (35,846 trig, 25,699 trig+kin events)
  [218/1993] nano_295.root
         -> 24,684 vertices (27,589 trig, 19,761 trig+kin events)
  [219/1993] nano_296.root
         -> 28,303 vertices (31,105 trig, 22,592 trig+kin events)
  [220/1993] nano_297.root
         -> 36,196 vertices (39,816 trig, 28,911 trig+kin events)
  [221/1993] nano_298.root
         -> 27,248 vertices (29,791 trig, 21,606 trig+kin events)
  [222/1993] nano_299.root
         -> 32,776 vertices (36,516 trig, 26,295 trig+kin events)
  [223/1993] nano_3.root
         -> 38,798 vertices (43,054 trig, 31,043 trig+kin events)
  [224/1993] nano_30.root
         -> 26,207 vertices (29,083 trig, 20,919 trig+kin events)
  [225/1993] nano_300.root
         -> 32,159 vertices (35,514 trig, 25,656 trig+kin events)
  [226/1993] nano_301.root
         -> 33,350 vertices (36,890 trig, 26,669 trig+kin events)
  [227/1993] nano_302.root
         -> 30,833 vertices (34,090 trig, 24,651 trig+kin events)
  [228/1993] nano_303.root
         -> 29,649 vertices (32,746 trig, 23,551 trig+kin events)
  [229/1993] nano_304.root
         -> 28,648 vertices (31,645 trig, 22,913 trig+kin events)
  [230/1993] nano_305.root
         -> 36,582 vertices (40,254 trig, 29,149 trig+kin events)
  [231/1993] nano_306.root
         -> 30,933 vertices (34,210 trig, 24,693 trig+kin events)
  [232/1993] nano_307.root
         -> 35,943 vertices (39,730 trig, 28,827 trig+kin events)
  [233/1993] nano_308.root
         -> 34,648 vertices (38,118 trig, 27,518 trig+kin events)
  [234/1993] nano_309.root
         -> 34,845 vertices (38,453 trig, 27,837 trig+kin events)
  [235/1993] nano_31.root
         -> 23,850 vertices (26,260 trig, 18,908 trig+kin events)
  [236/1993] nano_310.root
         -> 33,961 vertices (37,463 trig, 27,097 trig+kin events)
  [237/1993] nano_311.root
         -> 36,043 vertices (39,761 trig, 28,762 trig+kin events)
  [238/1993] nano_312.root
         -> 36,984 vertices (40,754 trig, 29,544 trig+kin events)
  [239/1993] nano_313.root
         -> 36,437 vertices (40,083 trig, 28,972 trig+kin events)
  [240/1993] nano_314.root
         -> 30,173 vertices (33,315 trig, 24,101 trig+kin events)
  [241/1993] nano_315.root
         -> 31,792 vertices (34,874 trig, 25,255 trig+kin events)
  [242/1993] nano_316.root
         -> 34,206 vertices (37,554 trig, 27,165 trig+kin events)
  [243/1993] nano_317.root
         -> 32,514 vertices (35,804 trig, 25,841 trig+kin events)
  [244/1993] nano_318.root
         -> 33,464 vertices (37,325 trig, 26,902 trig+kin events)
  [245/1993] nano_319.root
         -> 33,444 vertices (37,141 trig, 26,771 trig+kin events)
  [246/1993] nano_32.root
         -> 23,007 vertices (25,467 trig, 18,364 trig+kin events)
  [247/1993] nano_320.root
         -> 29,112 vertices (32,248 trig, 23,320 trig+kin events)
  [248/1993] nano_321.root
         -> 34,469 vertices (38,177 trig, 27,600 trig+kin events)
  [249/1993] nano_322.root
         -> 32,875 vertices (35,848 trig, 26,074 trig+kin events)
  [250/1993] nano_323.root
         -> 31,377 vertices (34,296 trig, 24,984 trig+kin events)
  [251/1993] nano_325.root
         -> 30,132 vertices (33,457 trig, 24,081 trig+kin events)
  [252/1993] nano_326.root
         -> 36,667 vertices (40,366 trig, 29,129 trig+kin events)
  [253/1993] nano_327.root
         -> 28,976 vertices (32,181 trig, 23,238 trig+kin events)
  [254/1993] nano_328.root
         -> 34,229 vertices (37,992 trig, 27,427 trig+kin events)
  [255/1993] nano_329.root
         -> 34,077 vertices (37,650 trig, 27,228 trig+kin events)
  [256/1993] nano_33.root
         -> 25,188 vertices (27,810 trig, 20,155 trig+kin events)
  [257/1993] nano_330.root
         -> 37,950 vertices (41,979 trig, 30,362 trig+kin events)
  [258/1993] nano_331.root
         -> 34,207 vertices (37,967 trig, 27,442 trig+kin events)
  [259/1993] nano_332.root
         -> 30,009 vertices (32,890 trig, 23,841 trig+kin events)
  [260/1993] nano_333.root
         -> 37,102 vertices (40,822 trig, 29,583 trig+kin events)
  [261/1993] nano_334.root
         -> 32,815 vertices (36,487 trig, 26,231 trig+kin events)
  [262/1993] nano_335.root
         -> 36,094 vertices (39,862 trig, 28,920 trig+kin events)
  [263/1993] nano_336.root
         -> 34,234 vertices (37,734 trig, 27,290 trig+kin events)
  [264/1993] nano_337.root
         -> 36,327 vertices (40,041 trig, 28,944 trig+kin events)
  [265/1993] nano_338.root
         -> 31,576 vertices (34,870 trig, 25,195 trig+kin events)
  [266/1993] nano_339.root
         -> 30,041 vertices (33,056 trig, 23,952 trig+kin events)
  [267/1993] nano_34.root
         -> 29,968 vertices (33,185 trig, 23,962 trig+kin events)
  [268/1993] nano_340.root
         -> 31,877 vertices (35,199 trig, 25,438 trig+kin events)
  [269/1993] nano_341.root
         -> 29,889 vertices (32,936 trig, 23,801 trig+kin events)
  [270/1993] nano_342.root
         -> 31,686 vertices (34,653 trig, 25,097 trig+kin events)
  [271/1993] nano_343.root
         -> 33,608 vertices (36,802 trig, 26,722 trig+kin events)
  [272/1993] nano_344.root
